[hansenpartners.net/services.html]
[backblue.gif]
[fade.gif]
[index.html]
[styles.luxurypresence.com/producer/index.css]
[cdnjs.cloudflare.com/ajax/libs/animate.css/3.7.0/animate.min.css]
[cdnjs.cloudflare.com/ajax/libs/ion-rangeslider/2.3.1/css/ion.rangeSlider.min.css]
[hansenpartners.net/favicon.ico]
[hansenpartners.net/favicon-16x16.png]
[hansenpartners.net/favicon-32x32.png]
[cdnjs.cloudflare.com/ajax/libs/turbolinks/5.2.0/turbolinks.js]
[kit.fontawesome.com/6219da6e02.js]
[hansenpartners.net/team.html]
[hansenpartners.net/index.html]
[hansenpartners.net/home-search/listings.html]
[hansenpartners.net/neighborhoods.html]
[hansenpartners.net/home-valuation.html]
[hansenpartners.net/FeaturedListingHOA.html]
[hansenpartners.net/testimonials.html]
[d1e1jt2fj4r8r.cloudfront.net/uploads/icon-close-white.png]
[hansenpartners.net/terms-and-conditions.html]
[www.google-analytics.com/analytics.js]
[code.jquery.com/jquery-3.4.0.min.js]
[cdnjs.cloudflare.com/ajax/libs/handlebars.js/4.2.0/handlebars.min.js]
[cdn.jsdelivr.net/npm/handlebars-intl@1.1.2/dist/handlebars-intl.min.js]
[cdnjs.cloudflare.com/ajax/libs/superagent/4.1.0/superagent.min.js]
[cdn.jsdelivr.net/npm/slick-carousel@1.8.1/slick/slick.min.js]
[cdnjs.cloudflare.com/ajax/libs/wow/1.1.2/wow.min.js]
[d1e1jt2fj4r8r.cloudfront.net/javascript/jquery.paroller.min.js]
[cdnjs.cloudflare.com/ajax/libs/ion-rangeslider/2.3.1/js/ion.rangeSlider.min.js]
[translate.google.com/translate_a/elementa0d8.js]
[hansenpartners.net/modules/es.reflect.set]
[hansenpartners.net/modules/es.set]
[hansenpartners.net/modules/es.typed-array.set]
[hansenpartners.net/e]
[hansenpartners.net/divolte.js]
[res.cloudinary.com/luxuryp/image/upload/v1618257069/slkmzpwmsmmefdpky31q.png]
[res.cloudinary.com/luxuryp/image/upload/v1618257055/tprhoiglqzbp9mbu8x8s.png]
[hansenpartners.net/services.html]
[styles.luxurypresence.com/producer/index.css]
[cdnjs.cloudflare.com/ajax/libs/animate.css/3.7.0/animate.min.css]
[cdnjs.cloudflare.com/ajax/libs/ion-rangeslider/2.3.1/css/ion.rangeSlider.min.css]
[cdnjs.cloudflare.com/ajax/libs/slick-carousel/1.8.1/ajax-loader.gif]
[res.cloudinary.com/luxuryp/videos/f_auto,q_auto,so_0,eo_0/davjiq4czhgnzqkv54yf/img_0250.jpg]
[cdn.jsdelivr.net/npm/slick-carousel@1.8.1/slick/slick.css]
[hansenpartners.net/index.html]
[hansenpartners.net/null]
[hansenpartners.net/agent/julie-hansen.html]
[hansenpartners.net/team.html]
[hansenpartners.net/agent/brett-hansen.html]
[dh7ef6wfogkc9.cloudfront.net/assets/application-04e0c933bf4b10c2c991978b174729489e806b9049430a341935c04a8ceea682.css]
[dh7ef6wfogkc9.cloudfront.net/assets/application-196d811de606e4fc7ae7e74f11c7f576a67cb44e3a2735af51d2cad70017fb69.js]
[dh7ef6wfogkc9.cloudfront.net/packs/js/application-09278481d9a1f192c65f.js]
[hansenpartners.net/home-search/auth/sign_up.html]
[hansenpartners.net/home-search/listings.html]
[hansenpartners.net/neighborhoods/livermore.html]
[hansenpartners.net/neighborhoods/pleasanton.html]
[hansenpartners.net/neighborhoods.html]
[hansenpartners.net/neighborhoods/dublin.html]
[hansenpartners.net/home-valuation.html]
[embed.homebotapp.com/lgw/v1/widget.js]
[hansenpartners.net/about]
[hansenpartners.net/FeaturedListingHOA.html]
[hansenpartners.net/testimonials.html]
[hansenpartners.net/terms-and-conditions.html]
[www.googletagmanager.com/gtm5445.html]
[hansenpartners.net/modules/es.reflect.html]
[hansenpartners.net/modules/es.html]
[hansenpartners.net/modules/es.typed-array.html]
[hansenpartners.net/e.html]
[hansenpartners.net/divolte.html]
[cdn.jsdelivr.net/npm/slick-carousel@1.8.1/slick/slick.css]
[hansenpartners.net/null.html]
[hansenpartners.net/agent/e.35.delayed]
[hansenpartners.net/agent/julie-hansen.html]
[hansenpartners.net/agent/brett-hansen.html]
[dh7ef6wfogkc9.cloudfront.net/assets/fontawesome-webfont-7bfcab6db99d5cfbf1705ca0536ddc78585432cc5fa41bbd7ad0f009033b2979.eot]
[dh7ef6wfogkc9.cloudfront.net/assets/fontawesome-webfont-7bfcab6db99d5cfbf1705ca0536ddc78585432cc5fa41bbd7ad0f009033b2979d41d.eot]
[dh7ef6wfogkc9.cloudfront.net/assets/fontawesome-webfont-2adefcbc041e7d18fcf2d417879dc5a09997aa64d675b7a3c4b6ce33da13f3fe.woff2]
[dh7ef6wfogkc9.cloudfront.net/assets/fontawesome-webfont-ba0c59deb5450f5cb41b3f93609ee2d0d995415877ddfa223e8a8a7533474f07.woff]
[dh7ef6wfogkc9.cloudfront.net/assets/fontawesome-webfont-aa58f33f239a0fb02f5c7a6c45c043d7a9ac9a093335806694ecd6d4edc0d6a8.ttf]
[dh7ef6wfogkc9.cloudfront.net/assets/home_desktop_2x-f2aa3071aa5634cf0a059b1642b226a03dde8440695ba696ca735734ffd86445.jpg]
[dh7ef6wfogkc9.cloudfront.net/assets/application-04e0c933bf4b10c2c991978b174729489e806b9049430a341935c04a8ceea682.css]
[hansenpartners.net/home-search/terms.html]
[hansenpartners.net/home-search/auth/sign_up.html]
[hansenpartners.net/home-search/auth/sign_in.html]
[t.luxurypresence.com/divolte.js]
[hansenpartners.net/home-search/listings9cb9.html]
[hansenpartners.net/neighborhoods/e]
[hansenpartners.net/neighborhoods/livermore.html]
[hansenpartners.net/neighborhoods/pleasanton.html]
[hansenpartners.net/home-search/listingsa325.html]
[hansenpartners.net/home-search/listings7f87.html]
[hansenpartners.net/neighborhoods/dublin.html]
[hansenpartners.net/about.html]
[hansenpartners.net/agent/e.html]
[res.cloudinary.com/luxuryp/image/upload/v1588782941/luxury_presence_logo-11_k6ipbp.png]
[dh7ef6wfogkc9.cloudfront.net/assets/fontawesome-webfont-ad6157926c1622ba4e1d03d478f1541368524bfc46f51e42fe0d945f7ef323e4.svg]
[hansenpartners.net/home-search/terms.html]
[hansenpartners.net/home-search/auth/password/new.html]
[hansenpartners.net/home-search/auth/sign_up39be.html]
[hansenpartners.net/home-search/users/password.45d41d.delayed]
[hansenpartners.net/home-search/auth/sign_in.html]
[hansenpartners.net/home-search/listings9cb9.html]
[hansenpartners.net/neighborhoods/e.html]
[hansenpartners.net/home-search/listingsa325.html]
[hansenpartners.net/home-search/listings7f87.html]
[hansenpartners.net/home-search/auth/password/new.html]
[hansenpartners.net/home-search/auth/sign_up39be.html]
